../Core/Src/main.c:114:6:process_adc_data	7
../Core/Src/main.c:175:6:HAL_ADC_ConvCpltCallback	2
../Core/Src/main.c:181:6:HAL_ADC_ConvHalfCpltCallback	2
../Core/Src/main.c:189:10:Wheel	3
../Core/Src/main.c:202:6:rainbow_step	2
../Core/Src/main.c:218:6:adc_vu_meter_with_decay_step	10
../Core/Src/main.c:272:6:chasing_step	8
../Core/Src/main.c:316:6:led_stop	1
../Core/Src/main.c:320:6:blinking_step	4
../Core/Src/main.c:348:6:HAL_GPIO_EXTI_Callback	4
../Core/Src/main.c:366:6:HAL_TIM_PWM_PulseFinishedCallback	2
../Core/Src/main.c:374:6:setColor	2
../Core/Src/main.c:383:6:sendWs2812	6
../Core/Src/main.c:412:6:clearLed	2
../Core/Src/main.c:424:5:main	6
../Core/Src/main.c:506:6:SystemClock_Config	3
../Core/Src/main.c:553:13:MX_ADC1_Init	3
../Core/Src/main.c:605:13:MX_TIM1_Init	7
../Core/Src/main.c:683:13:MX_UART4_Init	2
../Core/Src/main.c:714:13:MX_DMA_Init	1
../Core/Src/main.c:735:13:MX_GPIO_Init	1
../Core/Src/main.c:768:6:Error_Handler	1
