21:33:15 **** Incremental Build of configuration Debug for project LED_PWM_DMA_Test1 ****
make -j16 all 
arm-none-eabi-gcc -o "LED_PWM_DMA_Test1.elf" @"objects.list"   -mcpu=cortex-m4 -T"C:\Users\ADMIN\STM32CubeIDE\ws2812_f4_test1\LED_PWM_DMA_Test1\STM32F407VETX_FLASH.ld" --specs=nosys.specs -Wl,-Map="LED_PWM_DMA_Test1.map" -Wl,--gc-sections -static --specs=nano.specs -mfpu=fpv4-sp-d16 -mfloat-abi=hard -mthumb -Wl,--start-group -lc -lm -Wl,--end-group
Finished building target: LED_PWM_DMA_Test1.elf
 
arm-none-eabi-size  LED_PWM_DMA_Test1.elf 
arm-none-eabi-objdump -h -S LED_PWM_DMA_Test1.elf  > "LED_PWM_DMA_Test1.list"
arm-none-eabi-objcopy  -O ihex LED_PWM_DMA_Test1.elf  "LED_PWM_DMA_Test1.hex"
   text	   data	    bss	    dec	    hex	filename
  17000	     16	  16720	  33736	   83c8	LED_PWM_DMA_Test1.elf
Finished building: default.size.stdout
 
Finished building: LED_PWM_DMA_Test1.hex
 
Finished building: LED_PWM_DMA_Test1.list
 

21:33:15 Build Finished. 0 errors, 0 warnings. (took 685ms)

